[36mvite v5.4.21 [32mbuilding for production...[36m[39m
transforming...
